[   12419ms] [LOG] %c
▲

 _____ _              _                    _   _             __
|_   _| |__   ___    / \   __ _  ___ _ __ | |_(_) ___       / /
  | | | '_ \ / _ \  / _ \ / _` |/ _ \ '_ \| __| |/ __|     / /
  | | | | | |  __/ / ___ \ (_| |  __/ | | | |_| | (__     /_/
  |_| |_| |_|\___|/_/   \_\__, |\___|_| |_|\__|_|\___|    (_)
                           |___/
 ___        __               _                   _                 _
|_ _|_ __  / _|_ __ __ _ ___| |_ _ __ _   _  ___| |_ _   _ _ __ ___
 | || '_ \| |_| '__/ _` / __| __| '__| | | |/ __| __| | | | '__/ _ \
 | || | | |  _| | | (_| \__ \ |_| |  | |_| | (__| |_| |_| | | |  __/
|___|_| |_|_| |_|  \__,_|___/\__|_|   \__,_|\___|\__|\__,_|_|  \___|
  

Hello!

- Open Source https://vercel.com/oss
- Careers https://vercel.com/careers
- Status https://vercel-status.com

 font-family: "Geist Mono", monospace; white-space: pre; line-height: 1; @ https://vercel.com/vc-ap-vercel-marketing/_next/static/immutable/chunks/0uifg6aa68r5w.js:78
[   12466ms] [ERROR] Loading the image 'https://py8fhxnkzwtsqdo9.public.blob.vercel-storage.com/front/favicon/vercel/android-chrome-192x192.png' violates the following Content Security Policy directive: "img-src 'self' blob: data: *.github.io avatars.githubusercontent.com user-images.githubusercontent.com vercel.com vercel.live *.vercel.sh assets.vercel.com cdn.raster.app https://images.ctfassets.net https://www.google.com https://i.ytimg.com https://s3.amazonaws.com pbs.twimg.com https://www.gravatar.com https://lishhsx6kmthaacj.public.blob.vercel-storage.com https://fvqcrhkhgatlyl2m.public.blob.vercel-storage.com". The action has been blocked. @ https://vercel.com/:0
[   12478ms] [WARNING] Error while trying to use the following icon from the Manifest: https://py8fhxnkzwtsqdo9.public.blob.vercel-storage.com/front/favicon/vercel/android-chrome-192x192.png (Download error or resource isn't a valid image) @ https://vercel.com/:0
[   12585ms] [WARNING] Deprecated API for given entry type. @ https://vercel.com/vc-ap-vercel-marketing/_next/static/immutable/chunks/0ri-ifq_wq5g_.js:18
[   12718ms] [ERROR] Failed to load resource: the server responded with a status of 403 () @ https://vercel.com/api/jwt:0
[   12742ms] [ERROR] Failed to load resource: the server responded with a status of 429 () @ https://o205439.ingest.us.sentry.io/api/4507726617772032/envelope/?sentry_key=285c77642188feae6e662bd2903e2d52&sentry_version=7&sentry_client=sentry.javascript.browser%2F7.111.0:0
[   15820ms] [LOG] %c
▲

 _____ _              _                    _   _             __
|_   _| |__   ___    / \   __ _  ___ _ __ | |_(_) ___       / /
  | | | '_ \ / _ \  / _ \ / _` |/ _ \ '_ \| __| |/ __|     / /
  | | | | | |  __/ / ___ \ (_| |  __/ | | | |_| | (__     /_/
  |_| |_| |_|\___|/_/   \_\__, |\___|_| |_|\__|_|\___|    (_)
                           |___/
 ___        __               _                   _                 _
|_ _|_ __  / _|_ __ __ _ ___| |_ _ __ _   _  ___| |_ _   _ _ __ ___
 | || '_ \| |_| '__/ _` / __| __| '__| | | |/ __| __| | | | '__/ _ \
 | || | | |  _| | | (_| \__ \ |_| |  | |_| | (__| |_| |_| | | |  __/
|___|_| |_|_| |_|  \__,_|___/\__|_|   \__,_|\___|\__|\__,_|_|  \___|
  

Hello!

- Open Source https://vercel.com/oss
- Careers https://vercel.com/careers
- Status https://vercel-status.com

 font-family: "Geist Mono", monospace; white-space: pre; line-height: 1; @ https://vercel.com/_next/static/immutable/chunks/09cizcx7bxmnn.js:78
[   16007ms] [WARNING] [GSI_LOGGER]: Your client application uses one of the Google One Tap prompt UI status methods that may stop functioning when FedCM becomes mandatory. Refer to the migration guide to update your code accordingly and opt-in to FedCM to test your changes. Learn more: https://developers.google.com/identity/gsi/web/guides/fedcm-migration?s=dc#display_moment and https://developers.google.com/identity/gsi/web/guides/fedcm-migration?s=dc#skipped_moment @ https://accounts.google.com/gsi/client:86
[   16009ms] [ERROR] Not signed in with the identity provider. @ https://vercel.com/login:0
[   16041ms] [WARNING] Deprecated API for given entry type. @ https://vercel.com/_next/static/immutable/chunks/30boi8e69jjip.js:18
[   16121ms] [ERROR] Failed to load resource: the server responded with a status of 403 () @ https://vercel.com/api/jwt:0
[   19070ms] [ERROR] [GSI_LOGGER]: FedCM get() rejects with AbortError: signal is aborted without reason @ https://vercel.com/_next/static/immutable/chunks/0zjvb6raqc_g6.js:8
[   19092ms] [ERROR] Failed to load resource: the server responded with a status of 429 () @ https://o205439.ingest.sentry.io/api/1323670/envelope/?sentry_key=d00780d432ac4ccf882f60dd02062e14&sentry_version=7&sentry_client=sentry.javascript.browser%2F7.111.0:0
[   22403ms] [VERBOSE] [DOM] Password field is not contained in a form: (More info: https://goo.gl/9p2vKq) %o @ https://accounts.google.com/v3/signin/identifier?opparams=%253F&dsh=S1277898858%3A1782702048664169&client_id=1078992815106-brpsupgvhheqg35tupphbh0qk9c32nq8.apps.googleusercontent.com&code_challenge=mhjSjCjEqzvf1XbzW6ORG9YraHxpED-y-tTiMi4sqSA&code_challenge_method=S256&nonce=c6ca3bd08dc3f8fbd688d0f2a2cc7e3b&o2v=2&prompt=select_account&redirect_uri=https%3A%2F%2Fgithub.com%2Fsessions%2Fsocial%2Fgoogle%2Fcallback&response_type=code&scope=openid+email+profile&service=lso&state=8378006d083f4e5dc794eba3e20ed180&flowName=GeneralOAuthFlow&continue=https%3A%2F%2Faccounts.google.com%2Fsignin%2Foauth%2Fconsent%3Fauthuser%3Dunknown%26part%3DAJi8hAMUBj4R-d8uWXxKJkMWAxUne4eR-4skCQnxGpGjAozbd79B7qIn11-1xiREgX974b0EbbJHZnAImYbjHMMjPrVfI0bFMKKPRng7p6Njbnk3yL8b3SjcF01d4usz1BSkipBZ9P12_0ePyZtP6_4IuNHLsfp2mDbEevPsXWIAMoFoIf1xSACRGV8bdLJ4wg1dlk7OsLCGSpZ6Z13j6AVx1qQrMFfCRfIm5hUtcfRqD-Ifo_wY7vX3yRCc1U7Y5BgfLRtE7Mruqswz3-9Gn6_yuRw6Hk3rP7pRhhCcIRefVzYD2scRqKXQHZHXAZLgspzq-KMMWX5GhSC3APwtnf3GbSyGtCzkn_H8FGllQZRZU1PnvQlD1wU9xOx9O3iM473Q8SQjjgk1xbzcgKqRb0P2tVZsBFvQodl1N5WX0Lq0Ox5I1x9VsJk2CZdfU4sP-mIz7oZRjX0TEjQ5oTTib2m1pA-xyCpxiA%26flowName%3DGeneralOAuthFlow%26as%3DS1277898858%253A1782702048664169%26client_id%3D1078992815106-brpsupgvhheqg35tupphbh0qk9c32nq8.apps.googleusercontent.com%26requestPath%3D%252Fsignin%252Foauth%252Fconsent%23&app_domain=https%3A%2F%2Fgithub.com&rart=ANgoxcdZrj4L6tFoDNVSd5hyq_0N1DhkKOKHTk-sQifjJpD1_305QikEkpgg8jlrZt1P_RKTiagArz1ezbCim9dypPCfN5O6tfi55v-Q5icKta78yqaK37E:0
[   22407ms] [LOG] %c%s color: red; background: yellow; font-size: 24px; 警告 @ https://www.gstatic.com/_/mss/boq-identity/_/js/k=boq-identity.AccountsSignInUi.ja.g6yHWZXe950.es5.O/am=EQ0AAAAwULyQAcD-_38AAAIIsh3wPQugCRAyAAAAAAAAAABgAQAAGgE/d=1/excm=_b,_tp,identifierview/ed=1/dg=0/wt=2/ujg=1/rs=AOaEmlF4A60c-SNHn9GbfhsbQwUJZpG0bg/dti=1/m=_b,_tp:551
[   22407ms] [LOG] %c%s font-size: 18px; このコンソールを使用すると、Self-XSS と呼ばれる攻撃を使ってあなたになりすました攻撃者によって個人情報を騙し取られることがあります。
よくわからないコードは、入力したり、貼り付けたりしないでください。 @ https://www.gstatic.com/_/mss/boq-identity/_/js/k=boq-identity.AccountsSignInUi.ja.g6yHWZXe950.es5.O/am=EQ0AAAAwULyQAcD-_38AAAIIsh3wPQugCRAyAAAAAAAAAABgAQAAGgE/d=1/excm=_b,_tp,identifierview/ed=1/dg=0/wt=2/ujg=1/rs=AOaEmlF4A60c-SNHn9GbfhsbQwUJZpG0bg/dti=1/m=_b,_tp:551
[   43598ms] [LOG] %c
▲

__  __                                     _            __
\ \/ /___  __  __   _________ _____       (_)_  _______/ /_
 \  / __ \/ / / /  / ___/ __ `/ __ \     / / / / / ___/ __/
 / / /_/ / /_/ /  / /__/ /_/ / / / /    / / /_/ (__  ) /_
/_/\____/\__,_/   \___/\__,_/_/ /_/  __/ /\__,_/____/\__/
         __    _          __  __    /___/
   _____/ /_  (_)___     / /_/ /_  (_)___  ____ ______
  / ___/ __ \/ / __ \   / __/ __ \/ / __ \/ __ `/ ___/
 (__  ) / / / / /_/ /  / /_/ / / / / / / / /_/ (__  )
/____/_/ /_/_/ .___/   \__/_/ /_/_/_/ /_/\__, /____/
            /_/                         /____/
  

Hello!

- Open Source https://vercel.com/oss
- Careers https://vercel.com/careers
- Status https://vercel-status.com

 font-family: "Geist Mono", monospace; white-space: pre; line-height: 1; @ https://vercel.com/_next/static/immutable/chunks/09cizcx7bxmnn.js:78
[   45198ms] [WARNING] Deprecated API for given entry type. @ https://vercel.com/_next/static/immutable/chunks/30boi8e69jjip.js:18
[   54563ms] [WARNING] The resource https://vercel.com/_next/static/immutable/chunks/2c5nd-ebf6mbm.css was preloaded using link preload but not used within a few seconds from the window's load event. Please make sure it has an appropriate `as` value and it is preloaded intentionally. @ https://vercel.com/takunoris-projects:0
[   54564ms] [WARNING] The resource https://vercel.com/_next/static/immutable/chunks/0ly-6r7tnbx1k.css was preloaded using link preload but not used within a few seconds from the window's load event. Please make sure it has an appropriate `as` value and it is preloaded intentionally. @ https://vercel.com/takunoris-projects:0
[   54564ms] [WARNING] The resource https://vercel.com/_next/static/immutable/chunks/0jowte4krju8u.css was preloaded using link preload but not used within a few seconds from the window's load event. Please make sure it has an appropriate `as` value and it is preloaded intentionally. @ https://vercel.com/takunoris-projects:0
[   54564ms] [WARNING] The resource https://vercel.com/_next/static/immutable/media/797e433ab948586e.p.1v5bejj26fx9h.woff2 was preloaded using link preload but not used within a few seconds from the window's load event. Please make sure it has an appropriate `as` value and it is preloaded intentionally. @ https://vercel.com/takunoris-projects:0
[   54564ms] [WARNING] The resource https://vercel.com/_next/static/immutable/chunks/01ite53vowhjv.css was preloaded using link preload but not used within a few seconds from the window's load event. Please make sure it has an appropriate `as` value and it is preloaded intentionally. @ https://vercel.com/takunoris-projects:0
[   54564ms] [WARNING] The resource https://vercel.com/_next/static/immutable/chunks/1fxyqxi0jz9ez.css was preloaded using link preload but not used within a few seconds from the window's load event. Please make sure it has an appropriate `as` value and it is preloaded intentionally. @ https://vercel.com/takunoris-projects:0
[   54564ms] [WARNING] The resource https://vercel.com/_next/static/immutable/chunks/42t36pz393tbc.css was preloaded using link preload but not used within a few seconds from the window's load event. Please make sure it has an appropriate `as` value and it is preloaded intentionally. @ https://vercel.com/takunoris-projects:0
[   54564ms] [WARNING] The resource https://vercel.com/_next/static/immutable/chunks/3m88gd-sogt5t.css was preloaded using link preload but not used within a few seconds from the window's load event. Please make sure it has an appropriate `as` value and it is preloaded intentionally. @ https://vercel.com/takunoris-projects:0
[   54564ms] [WARNING] The resource https://vercel.com/_next/static/immutable/chunks/1zud9jzdkf3uo.css was preloaded using link preload but not used within a few seconds from the window's load event. Please make sure it has an appropriate `as` value and it is preloaded intentionally. @ https://vercel.com/takunoris-projects:0
[   54564ms] [WARNING] The resource https://vercel.com/_next/static/immutable/chunks/02guih7mqiae0.css was preloaded using link preload but not used within a few seconds from the window's load event. Please make sure it has an appropriate `as` value and it is preloaded intentionally. @ https://vercel.com/takunoris-projects:0
[   54564ms] [WARNING] The resource https://vercel.com/_next/static/immutable/chunks/2auu4bhcsy3ul.css was preloaded using link preload but not used within a few seconds from the window's load event. Please make sure it has an appropriate `as` value and it is preloaded intentionally. @ https://vercel.com/takunoris-projects:0
[   54564ms] [WARNING] The resource https://vercel.com/_next/static/immutable/chunks/1tfmo57som7nf.css was preloaded using link preload but not used within a few seconds from the window's load event. Please make sure it has an appropriate `as` value and it is preloaded intentionally. @ https://vercel.com/takunoris-projects:0
[   54564ms] [WARNING] The resource https://vercel.com/_next/static/immutable/media/caa3a2e1cccd8315.p.0zr6hhvz-h9nw.woff2 was preloaded using link preload but not used within a few seconds from the window's load event. Please make sure it has an appropriate `as` value and it is preloaded intentionally. @ https://vercel.com/takunoris-projects:0
[   58166ms] [WARNING] The resource https://vercel.com/_next/static/immutable/chunks/2c5nd-ebf6mbm.css was preloaded using link preload but not used within a few seconds from the window's load event. Please make sure it has an appropriate `as` value and it is preloaded intentionally. @ https://vercel.com/takunoris-projects:0
[   58166ms] [WARNING] The resource https://vercel.com/_next/static/immutable/chunks/0ly-6r7tnbx1k.css was preloaded using link preload but not used within a few seconds from the window's load event. Please make sure it has an appropriate `as` value and it is preloaded intentionally. @ https://vercel.com/takunoris-projects:0
[   58166ms] [WARNING] The resource https://vercel.com/_next/static/immutable/chunks/0jowte4krju8u.css was preloaded using link preload but not used within a few seconds from the window's load event. Please make sure it has an appropriate `as` value and it is preloaded intentionally. @ https://vercel.com/takunoris-projects:0
[   58166ms] [WARNING] The resource https://vercel.com/_next/static/immutable/media/797e433ab948586e.p.1v5bejj26fx9h.woff2 was preloaded using link preload but not used within a few seconds from the window's load event. Please make sure it has an appropriate `as` value and it is preloaded intentionally. @ https://vercel.com/takunoris-projects:0
[   58166ms] [WARNING] The resource https://vercel.com/_next/static/immutable/chunks/01ite53vowhjv.css was preloaded using link preload but not used within a few seconds from the window's load event. Please make sure it has an appropriate `as` value and it is preloaded intentionally. @ https://vercel.com/takunoris-projects:0
[   58166ms] [WARNING] The resource https://vercel.com/_next/static/immutable/chunks/1fxyqxi0jz9ez.css was preloaded using link preload but not used within a few seconds from the window's load event. Please make sure it has an appropriate `as` value and it is preloaded intentionally. @ https://vercel.com/takunoris-projects:0
[   58166ms] [WARNING] The resource https://vercel.com/_next/static/immutable/chunks/42t36pz393tbc.css was preloaded using link preload but not used within a few seconds from the window's load event. Please make sure it has an appropriate `as` value and it is preloaded intentionally. @ https://vercel.com/takunoris-projects:0
[   58166ms] [WARNING] The resource https://vercel.com/_next/static/immutable/chunks/3m88gd-sogt5t.css was preloaded using link preload but not used within a few seconds from the window's load event. Please make sure it has an appropriate `as` value and it is preloaded intentionally. @ https://vercel.com/takunoris-projects:0
[   58167ms] [WARNING] The resource https://vercel.com/_next/static/immutable/chunks/1zud9jzdkf3uo.css was preloaded using link preload but not used within a few seconds from the window's load event. Please make sure it has an appropriate `as` value and it is preloaded intentionally. @ https://vercel.com/takunoris-projects:0
[   58167ms] [WARNING] The resource https://vercel.com/_next/static/immutable/chunks/02guih7mqiae0.css was preloaded using link preload but not used within a few seconds from the window's load event. Please make sure it has an appropriate `as` value and it is preloaded intentionally. @ https://vercel.com/takunoris-projects:0
[   58167ms] [WARNING] The resource https://vercel.com/_next/static/immutable/chunks/2auu4bhcsy3ul.css was preloaded using link preload but not used within a few seconds from the window's load event. Please make sure it has an appropriate `as` value and it is preloaded intentionally. @ https://vercel.com/takunoris-projects:0
[   58167ms] [WARNING] The resource https://vercel.com/_next/static/immutable/chunks/1tfmo57som7nf.css was preloaded using link preload but not used within a few seconds from the window's load event. Please make sure it has an appropriate `as` value and it is preloaded intentionally. @ https://vercel.com/takunoris-projects:0
[   58167ms] [WARNING] The resource https://vercel.com/_next/static/immutable/media/caa3a2e1cccd8315.p.0zr6hhvz-h9nw.woff2 was preloaded using link preload but not used within a few seconds from the window's load event. Please make sure it has an appropriate `as` value and it is preloaded intentionally. @ https://vercel.com/takunoris-projects:0
